<html>
<body>
<pre>
<h1>µVision Build Log</h1>
<h2>Tool Versions:</h2>
IDE-Version: µVision V5.17.0.0
Copyright (C) 2015 ARM Ltd and ARM Germany GmbH. All rights reserved.
License Information: Byzya Microsoft, Microsoft, LIC=HF801-CMQ3Z-9YLVW-Q5QPA-YWSZQ-DI20U
 
Tool Versions:
Toolchain:       MDK-ARM Professional  Version: 5.17
Toolchain Path:  C:\Keil_v5\ARM\ARMCC\Bin
C Compiler:      Armcc.exe V5.06 update 1 (build 61)
Assembler:       Armasm.exe V5.06 update 1 (build 61)
Linker/Locator:  ArmLink.exe V5.06 update 1 (build 61)
Library Manager: ArmAr.exe V5.06 update 1 (build 61)
Hex Converter:   FromElf.exe V5.06 update 1 (build 61)
CPU DLL:         SARMCM3.DLL V5.17
Dialog DLL:      DCM.DLL V1.13.4.0
Target DLL:      STLink\ST-LINKIII-KEIL_SWO.dll V2.0.18.0
Dialog DLL:      TCM.DLL V1.14.6.0
 
<h2>Project:</h2>
C:\Work\git\git_hello_world\Hello_World\MDK-ARM\Hello_World.uvprojx
Project File Date:  03/05/2018

<h2>Output:</h2>
*** Using Compiler 'V5.06 update 1 (build 61)', folder: 'C:\Keil_v5\ARM\ARMCC\Bin'
Rebuild target 'Hello_World'
assembling startup_stm32l462xx.s...
compiling stm32l4xx_hal_tim_ex.c...
compiling stm32l4xx_hal_cortex.c...
compiling stm32l4xx_hal_pwr.c...
compiling stm32l4xx_hal_i2c_ex.c...
compiling stm32l4xx_hal_gpio.c...
compiling stm32l4xx_hal_i2c.c...
compiling stm32l4xx_hal_tim.c...
compiling stm32l4xx_hal_flash_ex.c...
compiling stm32l4xx_hal_dma.c...
compiling stm32l4xx_hal_pwr_ex.c...
compiling stm32l4xx_hal_rcc_ex.c...
compiling stm32l4xx_hal_dma_ex.c...
compiling stm32l4xx_hal_rcc.c...
compiling stm32l4xx_hal.c...
compiling stm32l4xx_hal_flash.c...
compiling stm32l4xx_hal_flash_ramfunc.c...
compiling stm32l4xx_hal_uart_ex.c...
compiling stm32l4xx_hal_uart.c...
compiling stm32l4xx_hal_spi_ex.c...
compiling stm32l4xx_hal_spi.c...
compiling system_stm32l4xx.c...
compiling stm32l4xx_hal_msp.c...
compiling main.c...
compiling stm32l4xx_it.c...
linking...
Program Size: Code=6204 RO-data=508 RW-data=8 ZI-data=1248  
"Hello_World\Hello_World.axf" - 0 Error(s), 0 Warning(s).

<h2>Software Packages used:</h2>

Package Vendor: ARM
                http://www.keil.com/pack/ARM.CMSIS.5.2.0.pack
                ARM::CMSIS:CORE:5.0.2
                CMSIS (Cortex Microcontroller Software Interface Standard)
   * Component: CORE Version: 5.0.2

<h2>Collection of Component include folders:</h2>
  C:\Work\git\git_hello_world\Hello_World\MDK-ARM\RTE
  C:\Keil_v5\ARM\PACK\ARM\CMSIS\5.2.0\CMSIS\Include
  C:\Keil_v5\ARM\PACK\Keil\STM32L4xx_DFP\2.0.0\Drivers\CMSIS\Device\ST\STM32L4xx\Include

<h2>Collection of Component Files used:</h2>

   * Component: ARM::CMSIS:CORE:5.0.2
Build Time Elapsed:  00:01:05
</pre>
</body>
</html>
